Archive member included to satisfy reference by file (symbol)

c:/program files (x86)/atollic/truestudio for stm32 9.0.0/armtools/bin/../lib/gcc/arm-atollic-eabi/6.3.1/../../../../arm-atollic-eabi/lib/armv7e-m/fpu\libc_nano.a(lib_a-init.o)
                              startup\startup_stm32f407xx.o (__libc_init_array)

Discarded input sections

 .text          0x00000000        0x0 c:/program files (x86)/atollic/truestudio for stm32 9.0.0/armtools/bin/../lib/gcc/arm-atollic-eabi/6.3.1/armv7e-m/fpu/crti.o
 .data          0x00000000        0x0 c:/program files (x86)/atollic/truestudio for stm32 9.0.0/armtools/bin/../lib/gcc/arm-atollic-eabi/6.3.1/armv7e-m/fpu/crti.o
 .bss           0x00000000        0x0 c:/program files (x86)/atollic/truestudio for stm32 9.0.0/armtools/bin/../lib/gcc/arm-atollic-eabi/6.3.1/armv7e-m/fpu/crti.o
 .data          0x00000000        0x4 c:/program files (x86)/atollic/truestudio for stm32 9.0.0/armtools/bin/../lib/gcc/arm-atollic-eabi/6.3.1/armv7e-m/fpu/crtbegin.o
 .text          0x00000000        0x0 Drivers\STM32F4xx_HAL_Driver\Src\stm32f4xx_ll_exti.o
 .data          0x00000000        0x0 Drivers\STM32F4xx_HAL_Driver\Src\stm32f4xx_ll_exti.o
 .bss           0x00000000        0x0 Drivers\STM32F4xx_HAL_Driver\Src\stm32f4xx_ll_exti.o
 .text.LL_EXTI_DeInit
                0x00000000       0x1c Drivers\STM32F4xx_HAL_Driver\Src\stm32f4xx_ll_exti.o
 .text.LL_EXTI_Init
                0x00000000       0xb0 Drivers\STM32F4xx_HAL_Driver\Src\stm32f4xx_ll_exti.o
 .text.LL_EXTI_StructInit
                0x00000000        0xe Drivers\STM32F4xx_HAL_Driver\Src\stm32f4xx_ll_exti.o
 .debug_info    0x00000000      0x4bd Drivers\STM32F4xx_HAL_Driver\Src\stm32f4xx_ll_exti.o
 .debug_abbrev  0x00000000      0x1d9 Drivers\STM32F4xx_HAL_Driver\Src\stm32f4xx_ll_exti.o
 .debug_loc     0x00000000      0x190 Drivers\STM32F4xx_HAL_Driver\Src\stm32f4xx_ll_exti.o
 .debug_aranges
                0x00000000       0x30 Drivers\STM32F4xx_HAL_Driver\Src\stm32f4xx_ll_exti.o
 .debug_ranges  0x00000000       0x38 Drivers\STM32F4xx_HAL_Driver\Src\stm32f4xx_ll_exti.o
 .debug_line    0x00000000      0x29e Drivers\STM32F4xx_HAL_Driver\Src\stm32f4xx_ll_exti.o
 .debug_str     0x00000000      0x3ef Drivers\STM32F4xx_HAL_Driver\Src\stm32f4xx_ll_exti.o
 .comment       0x00000000       0x7d Drivers\STM32F4xx_HAL_Driver\Src\stm32f4xx_ll_exti.o
 .debug_frame   0x00000000       0x48 Drivers\STM32F4xx_HAL_Driver\Src\stm32f4xx_ll_exti.o
 .ARM.attributes
                0x00000000       0x39 Drivers\STM32F4xx_HAL_Driver\Src\stm32f4xx_ll_exti.o
 .text          0x00000000        0x0 Drivers\STM32F4xx_HAL_Driver\Src\stm32f4xx_ll_gpio.o
 .data          0x00000000        0x0 Drivers\STM32F4xx_HAL_Driver\Src\stm32f4xx_ll_gpio.o
 .bss           0x00000000        0x0 Drivers\STM32F4xx_HAL_Driver\Src\stm32f4xx_ll_gpio.o
 .text.LL_AHB1_GRP1_ForceReset
                0x00000000       0x10 Drivers\STM32F4xx_HAL_Driver\Src\stm32f4xx_ll_gpio.o
 .text.LL_AHB1_GRP1_ReleaseReset
                0x00000000       0x10 Drivers\STM32F4xx_HAL_Driver\Src\stm32f4xx_ll_gpio.o
 .text.LL_GPIO_DeInit
                0x00000000       0xc4 Drivers\STM32F4xx_HAL_Driver\Src\stm32f4xx_ll_gpio.o
 .text.LL_GPIO_StructInit
                0x00000000       0x18 Drivers\STM32F4xx_HAL_Driver\Src\stm32f4xx_ll_gpio.o
 .text          0x00000000        0x0 Drivers\STM32F4xx_HAL_Driver\Src\stm32f4xx_ll_rcc.o
 .data          0x00000000        0x0 Drivers\STM32F4xx_HAL_Driver\Src\stm32f4xx_ll_rcc.o
 .bss           0x00000000        0x0 Drivers\STM32F4xx_HAL_Driver\Src\stm32f4xx_ll_rcc.o
 .text.LL_RCC_DeInit
                0x00000000       0x50 Drivers\STM32F4xx_HAL_Driver\Src\stm32f4xx_ll_rcc.o
 .text.RCC_GetHCLKClockFreq
                0x00000000       0x18 Drivers\STM32F4xx_HAL_Driver\Src\stm32f4xx_ll_rcc.o
 .text.RCC_GetPCLK1ClockFreq
                0x00000000       0x18 Drivers\STM32F4xx_HAL_Driver\Src\stm32f4xx_ll_rcc.o
 .text.RCC_GetPCLK2ClockFreq
                0x00000000       0x18 Drivers\STM32F4xx_HAL_Driver\Src\stm32f4xx_ll_rcc.o
 .text.RCC_PLL_GetFreqDomain_SYS
                0x00000000       0x4c Drivers\STM32F4xx_HAL_Driver\Src\stm32f4xx_ll_rcc.o
 .text.RCC_GetSystemClockFreq
                0x00000000       0x28 Drivers\STM32F4xx_HAL_Driver\Src\stm32f4xx_ll_rcc.o
 .text.LL_RCC_GetSystemClocksFreq
                0x00000000       0x20 Drivers\STM32F4xx_HAL_Driver\Src\stm32f4xx_ll_rcc.o
 .text.RCC_PLL_GetFreqDomain_48M
                0x00000000       0x3c Drivers\STM32F4xx_HAL_Driver\Src\stm32f4xx_ll_rcc.o
 .text.LL_RCC_GetSDIOClockFreq
                0x00000000       0x1c Drivers\STM32F4xx_HAL_Driver\Src\stm32f4xx_ll_rcc.o
 .text.LL_RCC_GetUSBClockFreq
                0x00000000       0x14 Drivers\STM32F4xx_HAL_Driver\Src\stm32f4xx_ll_rcc.o
 .text.LL_RCC_GetRNGClockFreq
                0x00000000        0x4 Drivers\STM32F4xx_HAL_Driver\Src\stm32f4xx_ll_rcc.o
 .text.RCC_PLLI2S_GetFreqDomain_I2S
                0x00000000       0x40 Drivers\STM32F4xx_HAL_Driver\Src\stm32f4xx_ll_rcc.o
 .text.LL_RCC_GetI2SClockFreq
                0x00000000       0x2c Drivers\STM32F4xx_HAL_Driver\Src\stm32f4xx_ll_rcc.o
 .debug_info    0x00000000      0x8ee Drivers\STM32F4xx_HAL_Driver\Src\stm32f4xx_ll_rcc.o
 .debug_abbrev  0x00000000      0x2a5 Drivers\STM32F4xx_HAL_Driver\Src\stm32f4xx_ll_rcc.o
 .debug_loc     0x00000000      0x2f9 Drivers\STM32F4xx_HAL_Driver\Src\stm32f4xx_ll_rcc.o
 .debug_aranges
                0x00000000       0x78 Drivers\STM32F4xx_HAL_Driver\Src\stm32f4xx_ll_rcc.o
 .debug_ranges  0x00000000      0x1a0 Drivers\STM32F4xx_HAL_Driver\Src\stm32f4xx_ll_rcc.o
 .debug_line    0x00000000      0x47d Drivers\STM32F4xx_HAL_Driver\Src\stm32f4xx_ll_rcc.o
 .debug_str     0x00000000      0x75a Drivers\STM32F4xx_HAL_Driver\Src\stm32f4xx_ll_rcc.o
 .comment       0x00000000       0x7d Drivers\STM32F4xx_HAL_Driver\Src\stm32f4xx_ll_rcc.o
 .debug_frame   0x00000000       0xf0 Drivers\STM32F4xx_HAL_Driver\Src\stm32f4xx_ll_rcc.o
 .ARM.attributes
                0x00000000       0x39 Drivers\STM32F4xx_HAL_Driver\Src\stm32f4xx_ll_rcc.o
 .text          0x00000000        0x0 Drivers\STM32F4xx_HAL_Driver\Src\stm32f4xx_ll_utils.o
 .data          0x00000000        0x0 Drivers\STM32F4xx_HAL_Driver\Src\stm32f4xx_ll_utils.o
 .bss           0x00000000        0x0 Drivers\STM32F4xx_HAL_Driver\Src\stm32f4xx_ll_utils.o
 .text.UTILS_SetFlashLatency.part.0
                0x00000000       0xa4 Drivers\STM32F4xx_HAL_Driver\Src\stm32f4xx_ll_utils.o
 .text.UTILS_PLL_IsBusy
                0x00000000       0x1c Drivers\STM32F4xx_HAL_Driver\Src\stm32f4xx_ll_utils.o
 .text.UTILS_EnablePLLAndSwitchSystem
                0x00000000       0x9c Drivers\STM32F4xx_HAL_Driver\Src\stm32f4xx_ll_utils.o
 .text.LL_mDelay
                0x00000000       0x28 Drivers\STM32F4xx_HAL_Driver\Src\stm32f4xx_ll_utils.o
 .text.LL_PLL_ConfigSystemClock_HSI
                0x00000000       0x78 Drivers\STM32F4xx_HAL_Driver\Src\stm32f4xx_ll_utils.o
 .text.LL_PLL_ConfigSystemClock_HSE
                0x00000000       0x8c Drivers\STM32F4xx_HAL_Driver\Src\stm32f4xx_ll_utils.o
 .text          0x00000000        0x0 Src\main.o
 .data          0x00000000        0x0 Src\main.o
 .bss           0x00000000        0x0 Src\main.o
 .text._Error_Handler
                0x00000000        0x2 Src\main.o
 .text          0x00000000        0x0 Src\stm32f4xx_it.o
 .data          0x00000000        0x0 Src\stm32f4xx_it.o
 .bss           0x00000000        0x0 Src\stm32f4xx_it.o
 .text          0x00000000        0x0 Src\system_stm32f4xx.o
 .data          0x00000000        0x0 Src\system_stm32f4xx.o
 .bss           0x00000000        0x0 Src\system_stm32f4xx.o
 .text.SystemCoreClockUpdate
                0x00000000       0x74 Src\system_stm32f4xx.o
 .rodata.AHBPrescTable
                0x00000000       0x10 Src\system_stm32f4xx.o
 .rodata.APBPrescTable
                0x00000000        0x8 Src\system_stm32f4xx.o
 .text          0x00000000       0x14 startup\startup_stm32f407xx.o
 .data          0x00000000        0x0 startup\startup_stm32f407xx.o
 .bss           0x00000000        0x0 startup\startup_stm32f407xx.o
 .text          0x00000000        0x0 c:/program files (x86)/atollic/truestudio for stm32 9.0.0/armtools/bin/../lib/gcc/arm-atollic-eabi/6.3.1/../../../../arm-atollic-eabi/lib/armv7e-m/fpu\libc_nano.a(lib_a-init.o)
 .data          0x00000000        0x0 c:/program files (x86)/atollic/truestudio for stm32 9.0.0/armtools/bin/../lib/gcc/arm-atollic-eabi/6.3.1/../../../../arm-atollic-eabi/lib/armv7e-m/fpu\libc_nano.a(lib_a-init.o)
 .bss           0x00000000        0x0 c:/program files (x86)/atollic/truestudio for stm32 9.0.0/armtools/bin/../lib/gcc/arm-atollic-eabi/6.3.1/../../../../arm-atollic-eabi/lib/armv7e-m/fpu\libc_nano.a(lib_a-init.o)
 .text          0x00000000        0x0 c:/program files (x86)/atollic/truestudio for stm32 9.0.0/armtools/bin/../lib/gcc/arm-atollic-eabi/6.3.1/armv7e-m/fpu/crtend.o
 .data          0x00000000        0x0 c:/program files (x86)/atollic/truestudio for stm32 9.0.0/armtools/bin/../lib/gcc/arm-atollic-eabi/6.3.1/armv7e-m/fpu/crtend.o
 .bss           0x00000000        0x0 c:/program files (x86)/atollic/truestudio for stm32 9.0.0/armtools/bin/../lib/gcc/arm-atollic-eabi/6.3.1/armv7e-m/fpu/crtend.o
 .eh_frame      0x00000000        0x4 c:/program files (x86)/atollic/truestudio for stm32 9.0.0/armtools/bin/../lib/gcc/arm-atollic-eabi/6.3.1/armv7e-m/fpu/crtend.o
 .ARM.attributes
                0x00000000       0x34 c:/program files (x86)/atollic/truestudio for stm32 9.0.0/armtools/bin/../lib/gcc/arm-atollic-eabi/6.3.1/armv7e-m/fpu/crtend.o
 .text          0x00000000        0x0 c:/program files (x86)/atollic/truestudio for stm32 9.0.0/armtools/bin/../lib/gcc/arm-atollic-eabi/6.3.1/armv7e-m/fpu/crtn.o
 .data          0x00000000        0x0 c:/program files (x86)/atollic/truestudio for stm32 9.0.0/armtools/bin/../lib/gcc/arm-atollic-eabi/6.3.1/armv7e-m/fpu/crtn.o
 .bss           0x00000000        0x0 c:/program files (x86)/atollic/truestudio for stm32 9.0.0/armtools/bin/../lib/gcc/arm-atollic-eabi/6.3.1/armv7e-m/fpu/crtn.o

Memory Configuration

Name             Origin             Length             Attributes
RAM              0x20000000         0x00020000         xrw
CCMRAM           0x10000000         0x00010000         rw
FLASH            0x08000000         0x00100000         xr
*default*        0x00000000         0xffffffff

Linker script and memory map

LOAD c:/program files (x86)/atollic/truestudio for stm32 9.0.0/armtools/bin/../lib/gcc/arm-atollic-eabi/6.3.1/armv7e-m/fpu/crti.o
LOAD c:/program files (x86)/atollic/truestudio for stm32 9.0.0/armtools/bin/../lib/gcc/arm-atollic-eabi/6.3.1/armv7e-m/fpu/crtbegin.o
LOAD Drivers\STM32F4xx_HAL_Driver\Src\stm32f4xx_ll_exti.o
LOAD Drivers\STM32F4xx_HAL_Driver\Src\stm32f4xx_ll_gpio.o
LOAD Drivers\STM32F4xx_HAL_Driver\Src\stm32f4xx_ll_rcc.o
LOAD Drivers\STM32F4xx_HAL_Driver\Src\stm32f4xx_ll_utils.o
LOAD Src\main.o
LOAD Src\stm32f4xx_it.o
LOAD Src\system_stm32f4xx.o
LOAD startup\startup_stm32f407xx.o
                0x00000080                malloc_getpagesize_P = 0x80
START GROUP
LOAD c:/program files (x86)/atollic/truestudio for stm32 9.0.0/armtools/bin/../lib/gcc/arm-atollic-eabi/6.3.1/../../../../arm-atollic-eabi/lib/armv7e-m/fpu\libc_nano.a
LOAD c:/program files (x86)/atollic/truestudio for stm32 9.0.0/armtools/bin/../lib/gcc/arm-atollic-eabi/6.3.1/../../../../arm-atollic-eabi/lib/armv7e-m/fpu\libm.a
END GROUP
START GROUP
LOAD c:/program files (x86)/atollic/truestudio for stm32 9.0.0/armtools/bin/../lib/gcc/arm-atollic-eabi/6.3.1/armv7e-m/fpu\libgcc.a
LOAD c:/program files (x86)/atollic/truestudio for stm32 9.0.0/armtools/bin/../lib/gcc/arm-atollic-eabi/6.3.1/../../../../arm-atollic-eabi/lib/armv7e-m/fpu\libc_nano.a
END GROUP
START GROUP
LOAD c:/program files (x86)/atollic/truestudio for stm32 9.0.0/armtools/bin/../lib/gcc/arm-atollic-eabi/6.3.1/armv7e-m/fpu\libgcc.a
LOAD c:/program files (x86)/atollic/truestudio for stm32 9.0.0/armtools/bin/../lib/gcc/arm-atollic-eabi/6.3.1/../../../../arm-atollic-eabi/lib/armv7e-m/fpu\libc_nano.a
LOAD c:/program files (x86)/atollic/truestudio for stm32 9.0.0/armtools/bin/../lib/gcc/arm-atollic-eabi/6.3.1/../../../../arm-atollic-eabi/lib/armv7e-m/fpu\libnosys.a
END GROUP
START GROUP
LOAD c:/program files (x86)/atollic/truestudio for stm32 9.0.0/armtools/bin/../lib/gcc/arm-atollic-eabi/6.3.1/armv7e-m/fpu\libgcc.a
LOAD c:/program files (x86)/atollic/truestudio for stm32 9.0.0/armtools/bin/../lib/gcc/arm-atollic-eabi/6.3.1/../../../../arm-atollic-eabi/lib/armv7e-m/fpu\libc_nano.a
LOAD c:/program files (x86)/atollic/truestudio for stm32 9.0.0/armtools/bin/../lib/gcc/arm-atollic-eabi/6.3.1/../../../../arm-atollic-eabi/lib/armv7e-m/fpu\libnosys.a
END GROUP
LOAD c:/program files (x86)/atollic/truestudio for stm32 9.0.0/armtools/bin/../lib/gcc/arm-atollic-eabi/6.3.1/armv7e-m/fpu/crtend.o
LOAD c:/program files (x86)/atollic/truestudio for stm32 9.0.0/armtools/bin/../lib/gcc/arm-atollic-eabi/6.3.1/armv7e-m/fpu/crtn.o
                0x20020000                _estack = 0x20020000
                0x00000200                _Min_Heap_Size = 0x200
                0x00000400                _Min_Stack_Size = 0x400

.isr_vector     0x08000000      0x188
                0x08000000                . = ALIGN (0x4)
 *(.isr_vector)
 .isr_vector    0x08000000      0x188 startup\startup_stm32f407xx.o
                0x08000000                g_pfnVectors
                0x08000188                . = ALIGN (0x4)

.text           0x08000188      0x474
                0x08000188                . = ALIGN (0x4)
 *(.text)
 .text          0x08000188       0x40 c:/program files (x86)/atollic/truestudio for stm32 9.0.0/armtools/bin/../lib/gcc/arm-atollic-eabi/6.3.1/armv7e-m/fpu/crtbegin.o
 *(.text*)
 .text.LL_GPIO_Init
                0x080001c8      0x144 Drivers\STM32F4xx_HAL_Driver\Src\stm32f4xx_ll_gpio.o
                0x080001c8                LL_GPIO_Init
 .text.LL_Init1msTick
                0x0800030c       0x1c Drivers\STM32F4xx_HAL_Driver\Src\stm32f4xx_ll_utils.o
                0x0800030c                LL_Init1msTick
 .text.LL_SetSystemCoreClock
                0x08000328        0xc Drivers\STM32F4xx_HAL_Driver\Src\stm32f4xx_ll_utils.o
                0x08000328                LL_SetSystemCoreClock
 .text.NVIC_GetPriorityGrouping
                0x08000334       0x10 Src\main.o
 .text.NVIC_EncodePriority.constprop.4
                0x08000344        0x4 Src\main.o
 .text.SystemClock_Config
                0x08000348       0xa8 Src\main.o
                0x08000348                SystemClock_Config
 .text.startup.main
                0x080003f0       0xf8 Src\main.o
                0x080003f0                main
 .text.NMI_Handler
                0x080004e8        0x2 Src\stm32f4xx_it.o
                0x080004e8                NMI_Handler
 .text.HardFault_Handler
                0x080004ea        0x2 Src\stm32f4xx_it.o
                0x080004ea                HardFault_Handler
 .text.MemManage_Handler
                0x080004ec        0x2 Src\stm32f4xx_it.o
                0x080004ec                MemManage_Handler
 .text.BusFault_Handler
                0x080004ee        0x2 Src\stm32f4xx_it.o
                0x080004ee                BusFault_Handler
 .text.UsageFault_Handler
                0x080004f0        0x2 Src\stm32f4xx_it.o
                0x080004f0                UsageFault_Handler
 .text.SVC_Handler
                0x080004f2        0x2 Src\stm32f4xx_it.o
                0x080004f2                SVC_Handler
 .text.DebugMon_Handler
                0x080004f4        0x2 Src\stm32f4xx_it.o
                0x080004f4                DebugMon_Handler
 .text.PendSV_Handler
                0x080004f6        0x2 Src\stm32f4xx_it.o
                0x080004f6                PendSV_Handler
 .text.SysTick_Handler
                0x080004f8        0x2 Src\stm32f4xx_it.o
                0x080004f8                SysTick_Handler
 *fill*         0x080004fa        0x2 
 .text.SystemInit
                0x080004fc       0x4c Src\system_stm32f4xx.o
                0x080004fc                SystemInit
 .text.Reset_Handler
                0x08000548       0x50 startup\startup_stm32f407xx.o
                0x08000548                Reset_Handler
 .text.Default_Handler
                0x08000598        0x2 startup\startup_stm32f407xx.o
                0x08000598                RTC_Alarm_IRQHandler
                0x08000598                HASH_RNG_IRQHandler
                0x08000598                EXTI2_IRQHandler
                0x08000598                TIM8_CC_IRQHandler
                0x08000598                TIM1_CC_IRQHandler
                0x08000598                DMA2_Stream5_IRQHandler
                0x08000598                DMA1_Stream5_IRQHandler
                0x08000598                PVD_IRQHandler
                0x08000598                SDIO_IRQHandler
                0x08000598                TAMP_STAMP_IRQHandler
                0x08000598                CAN2_RX1_IRQHandler
                0x08000598                EXTI3_IRQHandler
                0x08000598                TIM8_TRG_COM_TIM14_IRQHandler
                0x08000598                TIM1_UP_TIM10_IRQHandler
                0x08000598                TIM8_UP_TIM13_IRQHandler
                0x08000598                I2C3_ER_IRQHandler
                0x08000598                EXTI0_IRQHandler
                0x08000598                I2C2_EV_IRQHandler
                0x08000598                DMA1_Stream2_IRQHandler
                0x08000598                CAN1_RX0_IRQHandler
                0x08000598                FPU_IRQHandler
                0x08000598                OTG_HS_WKUP_IRQHandler
                0x08000598                CAN2_SCE_IRQHandler
                0x08000598                DMA2_Stream2_IRQHandler
                0x08000598                SPI1_IRQHandler
                0x08000598                TIM6_DAC_IRQHandler
                0x08000598                TIM1_BRK_TIM9_IRQHandler
                0x08000598                DCMI_IRQHandler
                0x08000598                CAN2_RX0_IRQHandler
                0x08000598                DMA2_Stream3_IRQHandler
                0x08000598                USART6_IRQHandler
                0x08000598                USART3_IRQHandler
                0x08000598                CAN1_RX1_IRQHandler
                0x08000598                UART5_IRQHandler
                0x08000598                DMA2_Stream0_IRQHandler
                0x08000598                TIM4_IRQHandler
                0x08000598                I2C1_EV_IRQHandler
                0x08000598                DMA1_Stream6_IRQHandler
                0x08000598                DMA1_Stream1_IRQHandler
                0x08000598                UART4_IRQHandler
                0x08000598                TIM3_IRQHandler
                0x08000598                RCC_IRQHandler
                0x08000598                TIM8_BRK_TIM12_IRQHandler
                0x08000598                Default_Handler
                0x08000598                EXTI15_10_IRQHandler
                0x08000598                ADC_IRQHandler
                0x08000598                DMA1_Stream7_IRQHandler
                0x08000598                TIM7_IRQHandler
                0x08000598                CAN2_TX_IRQHandler
                0x08000598                TIM5_IRQHandler
                0x08000598                DMA2_Stream7_IRQHandler
                0x08000598                I2C3_EV_IRQHandler
                0x08000598                EXTI9_5_IRQHandler
                0x08000598                RTC_WKUP_IRQHandler
                0x08000598                ETH_WKUP_IRQHandler
                0x08000598                SPI2_IRQHandler
                0x08000598                OTG_HS_EP1_IN_IRQHandler
                0x08000598                DMA1_Stream0_IRQHandler
                0x08000598                CAN1_TX_IRQHandler
                0x08000598                EXTI4_IRQHandler
                0x08000598                FSMC_IRQHandler
                0x08000598                ETH_IRQHandler
                0x08000598                OTG_HS_EP1_OUT_IRQHandler
                0x08000598                WWDG_IRQHandler
                0x08000598                TIM2_IRQHandler
                0x08000598                OTG_FS_WKUP_IRQHandler
                0x08000598                TIM1_TRG_COM_TIM11_IRQHandler
                0x08000598                OTG_HS_IRQHandler
                0x08000598                EXTI1_IRQHandler
                0x08000598                USART2_IRQHandler
                0x08000598                I2C2_ER_IRQHandler
                0x08000598                DMA2_Stream1_IRQHandler
                0x08000598                CAN1_SCE_IRQHandler
                0x08000598                FLASH_IRQHandler
                0x08000598                DMA2_Stream4_IRQHandler
                0x08000598                USART1_IRQHandler
                0x08000598                OTG_FS_IRQHandler
                0x08000598                SPI3_IRQHandler
                0x08000598                DMA1_Stream4_IRQHandler
                0x08000598                I2C1_ER_IRQHandler
                0x08000598                DMA2_Stream6_IRQHandler
                0x08000598                DMA1_Stream3_IRQHandler
 *fill*         0x0800059a        0x2 
 .text.__libc_init_array
                0x0800059c       0x48 c:/program files (x86)/atollic/truestudio for stm32 9.0.0/armtools/bin/../lib/gcc/arm-atollic-eabi/6.3.1/../../../../arm-atollic-eabi/lib/armv7e-m/fpu\libc_nano.a(lib_a-init.o)
                0x0800059c                __libc_init_array
 *(.glue_7)
 .glue_7        0x080005e4        0x0 linker stubs
 *(.glue_7t)
 .glue_7t       0x080005e4        0x0 linker stubs
 *(.eh_frame)
 .eh_frame      0x080005e4        0x0 c:/program files (x86)/atollic/truestudio for stm32 9.0.0/armtools/bin/../lib/gcc/arm-atollic-eabi/6.3.1/armv7e-m/fpu/crtbegin.o
 *(.init)
 .init          0x080005e4        0x4 c:/program files (x86)/atollic/truestudio for stm32 9.0.0/armtools/bin/../lib/gcc/arm-atollic-eabi/6.3.1/armv7e-m/fpu/crti.o
                0x080005e4                _init
 .init          0x080005e8        0x8 c:/program files (x86)/atollic/truestudio for stm32 9.0.0/armtools/bin/../lib/gcc/arm-atollic-eabi/6.3.1/armv7e-m/fpu/crtn.o
 *(.fini)
 .fini          0x080005f0        0x4 c:/program files (x86)/atollic/truestudio for stm32 9.0.0/armtools/bin/../lib/gcc/arm-atollic-eabi/6.3.1/armv7e-m/fpu/crti.o
                0x080005f0                _fini
 .fini          0x080005f4        0x8 c:/program files (x86)/atollic/truestudio for stm32 9.0.0/armtools/bin/../lib/gcc/arm-atollic-eabi/6.3.1/armv7e-m/fpu/crtn.o
                0x080005fc                . = ALIGN (0x4)
                0x080005fc                _etext = .

.vfp11_veneer   0x080005fc        0x0
 .vfp11_veneer  0x080005fc        0x0 linker stubs

.v4_bx          0x080005fc        0x0
 .v4_bx         0x080005fc        0x0 linker stubs

.iplt           0x080005fc        0x0
 .iplt          0x080005fc        0x0 c:/program files (x86)/atollic/truestudio for stm32 9.0.0/armtools/bin/../lib/gcc/arm-atollic-eabi/6.3.1/armv7e-m/fpu/crtbegin.o

.rel.dyn        0x080005fc        0x0
 .rel.iplt      0x080005fc        0x0 c:/program files (x86)/atollic/truestudio for stm32 9.0.0/armtools/bin/../lib/gcc/arm-atollic-eabi/6.3.1/armv7e-m/fpu/crtbegin.o

.rodata         0x080005fc        0x0
                0x080005fc                . = ALIGN (0x4)
 *(.rodata)
 *(.rodata*)
                0x080005fc                . = ALIGN (0x4)

.ARM.extab
 *(.ARM.extab* .gnu.linkonce.armextab.*)

.ARM            0x080005fc        0x0
                0x080005fc                __exidx_start = .
 *(.ARM.exidx*)
                0x080005fc                __exidx_end = .

.preinit_array  0x080005fc        0x0
                0x080005fc                PROVIDE (__preinit_array_start, .)
 *(.preinit_array*)
                0x080005fc                PROVIDE (__preinit_array_end, .)

.init_array     0x080005fc        0x4
                0x080005fc                PROVIDE (__init_array_start, .)
 *(SORT(.init_array.*))
 *(.init_array*)
 .init_array    0x080005fc        0x4 c:/program files (x86)/atollic/truestudio for stm32 9.0.0/armtools/bin/../lib/gcc/arm-atollic-eabi/6.3.1/armv7e-m/fpu/crtbegin.o
                0x08000600                PROVIDE (__init_array_end, .)

.fini_array     0x08000600        0x4
                [!provide]                PROVIDE (__fini_array_start, .)
 *(SORT(.fini_array.*))
 *(.fini_array*)
 .fini_array    0x08000600        0x4 c:/program files (x86)/atollic/truestudio for stm32 9.0.0/armtools/bin/../lib/gcc/arm-atollic-eabi/6.3.1/armv7e-m/fpu/crtbegin.o
                [!provide]                PROVIDE (__fini_array_end, .)
                0x08000604                _sidata = LOADADDR (.data)

.data           0x20000000        0x4 load address 0x08000604
                0x20000000                . = ALIGN (0x4)
                0x20000000                _sdata = .
 *(.data)
 *(.data*)
 .data.SystemCoreClock
                0x20000000        0x4 Src\system_stm32f4xx.o
                0x20000000                SystemCoreClock
                0x20000004                . = ALIGN (0x4)
                0x20000004                _edata = .
                0x08000608                _siccmram = LOADADDR (.ccmram)

.igot.plt       0x20000004        0x0 load address 0x08000608
 .igot.plt      0x20000004        0x0 c:/program files (x86)/atollic/truestudio for stm32 9.0.0/armtools/bin/../lib/gcc/arm-atollic-eabi/6.3.1/armv7e-m/fpu/crtbegin.o

.ccmram         0x10000000        0x0 load address 0x08000608
                0x10000000                . = ALIGN (0x4)
                0x10000000                _sccmram = .
 *(.ccmram)
 *(.ccmram*)
                0x10000000                . = ALIGN (0x4)
                0x10000000                _eccmram = .
                0x10000000                . = ALIGN (0x4)

.bss            0x20000004       0x1c
                0x20000004                _sbss = .
                0x20000004                __bss_start__ = _sbss
 *(.bss)
 .bss           0x20000004       0x1c c:/program files (x86)/atollic/truestudio for stm32 9.0.0/armtools/bin/../lib/gcc/arm-atollic-eabi/6.3.1/armv7e-m/fpu/crtbegin.o
 *(.bss*)
 *(COMMON)
                0x20000020                . = ALIGN (0x4)
                0x20000020                _ebss = .
                0x20000020                __bss_end__ = _ebss

._user_heap_stack
                0x20000020      0x600
                0x20000020                . = ALIGN (0x4)
                [!provide]                PROVIDE (end, .)
                [!provide]                PROVIDE (_end, .)
                0x20000220                . = (. + _Min_Heap_Size)
 *fill*         0x20000020      0x200 
                0x20000620                . = (. + _Min_Stack_Size)
 *fill*         0x20000220      0x400 
                0x20000620                . = ALIGN (0x4)

/DISCARD/
 libc.a(*)
 libm.a(*)
 libgcc.a(*)

.ARM.attributes
                0x00000000       0x30
 *(.ARM.attributes)
 .ARM.attributes
                0x00000000       0x22 c:/program files (x86)/atollic/truestudio for stm32 9.0.0/armtools/bin/../lib/gcc/arm-atollic-eabi/6.3.1/armv7e-m/fpu/crti.o
 .ARM.attributes
                0x00000022       0x34 c:/program files (x86)/atollic/truestudio for stm32 9.0.0/armtools/bin/../lib/gcc/arm-atollic-eabi/6.3.1/armv7e-m/fpu/crtbegin.o
 .ARM.attributes
                0x00000056       0x39 Drivers\STM32F4xx_HAL_Driver\Src\stm32f4xx_ll_gpio.o
 .ARM.attributes
                0x0000008f       0x39 Drivers\STM32F4xx_HAL_Driver\Src\stm32f4xx_ll_utils.o
 .ARM.attributes
                0x000000c8       0x39 Src\main.o
 .ARM.attributes
                0x00000101       0x39 Src\stm32f4xx_it.o
 .ARM.attributes
                0x0000013a       0x39 Src\system_stm32f4xx.o
 .ARM.attributes
                0x00000173       0x21 startup\startup_stm32f407xx.o
 .ARM.attributes
                0x00000194       0x34 c:/program files (x86)/atollic/truestudio for stm32 9.0.0/armtools/bin/../lib/gcc/arm-atollic-eabi/6.3.1/../../../../arm-atollic-eabi/lib/armv7e-m/fpu\libc_nano.a(lib_a-init.o)
 .ARM.attributes
                0x000001c8       0x22 c:/program files (x86)/atollic/truestudio for stm32 9.0.0/armtools/bin/../lib/gcc/arm-atollic-eabi/6.3.1/armv7e-m/fpu/crtn.o
OUTPUT(LL.elf elf32-littlearm)

.debug_info     0x00000000     0x2e3c
 .debug_info    0x00000000      0xa10 Drivers\STM32F4xx_HAL_Driver\Src\stm32f4xx_ll_gpio.o
 .debug_info    0x00000a10      0xbb3 Drivers\STM32F4xx_HAL_Driver\Src\stm32f4xx_ll_utils.o
 .debug_info    0x000015c3     0x1156 Src\main.o
 .debug_info    0x00002719      0x1a1 Src\stm32f4xx_it.o
 .debug_info    0x000028ba      0x503 Src\system_stm32f4xx.o
 .debug_info    0x00002dbd       0x7f startup\startup_stm32f407xx.o

.debug_abbrev   0x00000000      0xa2e
 .debug_abbrev  0x00000000      0x27b Drivers\STM32F4xx_HAL_Driver\Src\stm32f4xx_ll_gpio.o
 .debug_abbrev  0x0000027b      0x2a8 Drivers\STM32F4xx_HAL_Driver\Src\stm32f4xx_ll_utils.o
 .debug_abbrev  0x00000523      0x31b Src\main.o
 .debug_abbrev  0x0000083e       0xd0 Src\stm32f4xx_it.o
 .debug_abbrev  0x0000090e      0x10e Src\system_stm32f4xx.o
 .debug_abbrev  0x00000a1c       0x12 startup\startup_stm32f407xx.o

.debug_loc      0x00000000      0xf23
 .debug_loc     0x00000000      0x48f Drivers\STM32F4xx_HAL_Driver\Src\stm32f4xx_ll_gpio.o
 .debug_loc     0x0000048f      0x682 Drivers\STM32F4xx_HAL_Driver\Src\stm32f4xx_ll_utils.o
 .debug_loc     0x00000b11      0x2f6 Src\main.o
 .debug_loc     0x00000e07      0x11c Src\system_stm32f4xx.o

.debug_aranges  0x00000000      0x168
 .debug_aranges
                0x00000000       0x40 Drivers\STM32F4xx_HAL_Driver\Src\stm32f4xx_ll_gpio.o
 .debug_aranges
                0x00000040       0x58 Drivers\STM32F4xx_HAL_Driver\Src\stm32f4xx_ll_utils.o
 .debug_aranges
                0x00000098       0x40 Src\main.o
 .debug_aranges
                0x000000d8       0x40 Src\stm32f4xx_it.o
 .debug_aranges
                0x00000118       0x28 Src\system_stm32f4xx.o
 .debug_aranges
                0x00000140       0x28 startup\startup_stm32f407xx.o

.debug_ranges   0x00000000      0x240
 .debug_ranges  0x00000000       0x78 Drivers\STM32F4xx_HAL_Driver\Src\stm32f4xx_ll_gpio.o
 .debug_ranges  0x00000078       0x90 Drivers\STM32F4xx_HAL_Driver\Src\stm32f4xx_ll_utils.o
 .debug_ranges  0x00000108       0xd0 Src\main.o
 .debug_ranges  0x000001d8       0x30 Src\stm32f4xx_it.o
 .debug_ranges  0x00000208       0x18 Src\system_stm32f4xx.o
 .debug_ranges  0x00000220       0x20 startup\startup_stm32f407xx.o

.debug_line     0x00000000     0x1026
 .debug_line    0x00000000      0x394 Drivers\STM32F4xx_HAL_Driver\Src\stm32f4xx_ll_gpio.o
 .debug_line    0x00000394      0x445 Drivers\STM32F4xx_HAL_Driver\Src\stm32f4xx_ll_utils.o
 .debug_line    0x000007d9      0x3e2 Src\main.o
 .debug_line    0x00000bbb      0x20e Src\stm32f4xx_it.o
 .debug_line    0x00000dc9      0x1de Src\system_stm32f4xx.o
 .debug_line    0x00000fa7       0x7f startup\startup_stm32f407xx.o

.debug_str      0x00000000     0x10b0
 .debug_str     0x00000000      0x467 Drivers\STM32F4xx_HAL_Driver\Src\stm32f4xx_ll_gpio.o
                                0x4ea (size before relaxing)
 .debug_str     0x00000467      0x400 Drivers\STM32F4xx_HAL_Driver\Src\stm32f4xx_ll_utils.o
                                0x740 (size before relaxing)
 .debug_str     0x00000867      0x74d Src\main.o
                                0xc50 (size before relaxing)
 .debug_str     0x00000fb4       0xa6 Src\stm32f4xx_it.o
                                0x2b7 (size before relaxing)
 .debug_str     0x0000105a       0x56 Src\system_stm32f4xx.o
                                0x3a5 (size before relaxing)

.comment        0x00000000       0x7c
 .comment       0x00000000       0x7c Drivers\STM32F4xx_HAL_Driver\Src\stm32f4xx_ll_gpio.o
                                 0x7d (size before relaxing)
 .comment       0x0000007c       0x7d Drivers\STM32F4xx_HAL_Driver\Src\stm32f4xx_ll_utils.o
 .comment       0x0000007c       0x7d Src\main.o
 .comment       0x0000007c       0x7d Src\stm32f4xx_it.o
 .comment       0x0000007c       0x7d Src\system_stm32f4xx.o

.debug_frame    0x00000000      0x2d0
 .debug_frame   0x00000000       0x7c Drivers\STM32F4xx_HAL_Driver\Src\stm32f4xx_ll_gpio.o
 .debug_frame   0x0000007c       0xe0 Drivers\STM32F4xx_HAL_Driver\Src\stm32f4xx_ll_utils.o
 .debug_frame   0x0000015c       0x70 Src\main.o
 .debug_frame   0x000001cc       0xa0 Src\stm32f4xx_it.o
 .debug_frame   0x0000026c       0x38 Src\system_stm32f4xx.o
 .debug_frame   0x000002a4       0x2c c:/program files (x86)/atollic/truestudio for stm32 9.0.0/armtools/bin/../lib/gcc/arm-atollic-eabi/6.3.1/../../../../arm-atollic-eabi/lib/armv7e-m/fpu\libc_nano.a(lib_a-init.o)
