stm32f4xx_ll_rcc.c:202:13:LL_RCC_DeInit	0	static
stm32f4xx_ll_rcc.c:1150:10:RCC_GetHCLKClockFreq	0	static
stm32f4xx_ll_rcc.c:1161:10:RCC_GetPCLK1ClockFreq	0	static
stm32f4xx_ll_rcc.c:1172:10:RCC_GetPCLK2ClockFreq	0	static
stm32f4xx_ll_rcc.c:1183:10:RCC_PLL_GetFreqDomain_SYS	8	static
stm32f4xx_ll_rcc.c:1112:10:RCC_GetSystemClockFreq	0	static
stm32f4xx_ll_rcc.c:296:6:LL_RCC_GetSystemClocksFreq	8	static
stm32f4xx_ll_rcc.c:1227:10:RCC_PLL_GetFreqDomain_48M	0	static
stm32f4xx_ll_rcc.c:675:10:LL_RCC_GetSDIOClockFreq	0	static
stm32f4xx_ll_rcc.c:841:10:LL_RCC_GetUSBClockFreq	0	static
stm32f4xx_ll_rcc.c:746:10:LL_RCC_GetRNGClockFreq	0	static
stm32f4xx_ll_rcc.c:1567:10:RCC_PLLI2S_GetFreqDomain_I2S	0	static
stm32f4xx_ll_rcc.c:363:10:LL_RCC_GetI2SClockFreq	0	static
